Aktualny stav tokenu je: TK_ID

Aktualny stav tokenu je: TK_ASSIGN

Aktualny stav tokenu je: TK_NIL

Aktualny stav tokenu je: TK_EOL

