Aktualny stav tokenu je: TK_ID

Aktualny stav tokenu je: TK_NOTEQUAL

Aktualny stav tokenu je: TK_ERR

