Aktualny stav tokenu je: TK_ID

Aktualny stav tokenu je: TK_MORE

Aktualny stav tokenu je: TK_ID

Aktualny stav tokenu je: TK_EOL

