Aktualny stav tokenu je: TK_ID

Aktualny stav tokenu je: TK_ASSIGN

Aktualny stav tokenu je: TK_ID

Aktualny stav tokenu je: TK_PLUS

Aktualny stav tokenu je: TK_LBRACKET

Aktualny stav tokenu je: TK_LBRACKET

Aktualny stav tokenu je: TK_LBRACKET

Aktualny stav tokenu je: TK_ID

Aktualny stav tokenu je: TK_PLUS

Aktualny stav tokenu je: TK_ID

Aktualny stav tokenu je: TK_RBRACKET

Aktualny stav tokenu je: TK_EOL

