Aktualny stav tokenu je: TK_DEF

Aktualny stav tokenu je: TK_ID

Aktualny stav tokenu je: TK_LBRACKET

Aktualny stav tokenu je: TK_RBRACKET

Aktualny stav tokenu je: TK_EOL

Aktualny stav tokenu je: TK_END

Aktualny stav tokenu je: TK_EOL

Aktualny stav tokenu je: TK_ID

Aktualny stav tokenu je: TK_INTEGER

Aktualny stav tokenu je: TK_EOL

