Aktualny stav tokenu je: TK_ID

Aktualny stav tokenu je: TK_IF

Aktualny stav tokenu je: TK_EOL

