Aktualny stav tokenu je: TK_ELSE

Aktualny stav tokenu je: TK_EOL

